// Jest Snapshot v1, https://goo.gl/fbAQLP

exports[`<Footer  /> should match snapshot 1`] = `
.c3 {
  -webkit-text-decoration: none;
  text-decoration: none;
  color: #FFFFFF;
  text-transform: uppercase;
  font-size: 1rem;
  font-weight: bold;
}

.c3:visited {
  color: #D6D6D6;
}

.c5 {
  -webkit-text-decoration: none;
  text-decoration: none;
  color: #FFFFFF;
  text-transform: none;
  font-size: 0.75rem;
  font-weight: normal;
}

.c5:visited {
  color: #D6D6D6;
}

.c7 {
  color: #FFFFFF;
  font-weight: bold;
  font-size: 1rem;
  line-height: 1.5rem;
  text-transform: uppercase;
  margin-bottom: 0.875rem;
}

.c8 {
  display: -webkit-box;
  display: -webkit-flex;
  display: -ms-flexbox;
  display: flex;
  gap: 1rem;
}

.c9 {
  display: grid;
  grid-template-columns: repeat(4,min-content);
  gap: 0.5rem;
}

.c13 {
  -webkit-text-decoration: none;
  text-decoration: none;
  color: #FFFFFF;
  font-size: 0.75rem;
  line-height: 1.5rem;
  white-space: nowrap;
}

.c13:visited {
  color: #D6D6D6;
}

.c14 {
  font-size: 0.75rem;
  line-height: 1.5rem;
  text-align: center;
  max-width: 35rem;
  margin: 0 auto;
  color: #D6D6D6;
}

.c1 {
  display: grid;
  grid-template-columns: repeat(4,minmax(12.5rem,max-content));
  -webkit-box-pack: justify;
  -webkit-justify-content: space-between;
  -ms-flex-pack: justify;
  justify-content: space-between;
}

.c2 {
  display: -webkit-box;
  display: -webkit-flex;
  display: -ms-flexbox;
  display: flex;
  gap: 1rem;
  -webkit-flex-direction: column;
  -ms-flex-direction: column;
  flex-direction: column;
}

.c4 {
  -webkit-text-decoration: none;
  text-decoration: none;
  color: #FFFFFF;
  text-transform: uppercase;
  font-size: 1rem;
  font-weight: bold;
  margin-bottom: 0.5rem;
}

.c6 {
  display: -webkit-box;
  display: -webkit-flex;
  display: -ms-flexbox;
  display: flex;
  gap: 2rem;
  -webkit-flex-direction: column;
  -ms-flex-direction: column;
  flex-direction: column;
}

.c10 {
  width: 100%;
  margin: 0;
  border: none;
  border-bottom: 1px solid #4D4D4D;
  margin-block-start: 0;
  margin-block-end: 0;
  margin-inline-end: none;
  margin-inline-start: none;
}

.c0 {
  padding: 2rem 2.5rem;
  background: #000000;
  display: -webkit-box;
  display: -webkit-flex;
  display: -ms-flexbox;
  display: flex;
  -webkit-flex-direction: column;
  -ms-flex-direction: column;
  flex-direction: column;
  gap: 2rem;
}

.c11 {
  display: -webkit-box;
  display: -webkit-flex;
  display: -ms-flexbox;
  display: flex;
  -webkit-flex-direction: row;
  -ms-flex-direction: row;
  flex-direction: row;
  -webkit-box-pack: justify;
  -webkit-justify-content: space-between;
  -ms-flex-pack: justify;
  justify-content: space-between;
}

.c12 {
  display: -webkit-box;
  display: -webkit-flex;
  display: -ms-flexbox;
  display: flex;
  gap: 4rem;
}

@media (min-width:1024px) {
  .c14 {
    margin: initial;
  }
}

<footer
  class="c0"
>
  <div
    class="c1"
  >
    <div
      class="c2"
    >
      <a
        aria-current="page"
        class="c3 active"
        href="/"
      >
        components.footer.findShoppingStore
        Encontre Uma Loja Nike
      </a>
      <a
        aria-current="page"
        class="c3 active"
        href="/"
      >
        components.footer.registerForNews
        Cadastre-se para receber novidades
      </a>
      <a
        aria-current="page"
        class="c3 active"
        href="/"
      >
        components.footer.siteMap
        Mapa do site
      </a>
    </div>
    <div
      class="c2"
    >
      <div
        class="c4"
      >
        components.footer.help.summary
        Ajuda
      </div>
      <a
        aria-current="page"
        class="c5 active"
        href="/"
      >
        components.footer.help.generalQuestions
        Dúvidas Gerais
      </a>
      <a
        aria-current="page"
        class="c5 active"
        href="/"
      >
        components.footer.help.findYourSize
        Encontre seu Tamanho
      </a>
      <a
        aria-current="page"
        class="c5 active"
        href="/"
      >
        components.footer.help.orders
        Pedidos
      </a>
      <a
        aria-current="page"
        class="c5 active"
        href="/"
      >
        components.footer.help.exchangesAndReturns
        Trocas e Devoluções
      </a>
      <a
        aria-current="page"
        class="c5 active"
        href="/"
      >
        components.footer.help.editConsent
        Editar consentimento
      </a>
      <a
        aria-current="page"
        class="c5 active"
        href="/"
      >
        components.footer.help.payments
        Pagamentos
      </a>
      <a
        aria-current="page"
        class="c5 active"
        href="/"
      >
        components.footer.help.cookiePreferences
        Preferências de Cookie
      </a>
      <a
        aria-current="page"
        class="c5 active"
        href="/"
      >
        components.footer.help.products
        Produtos
      </a>
      <a
        aria-current="page"
        class="c5 active"
        href="/"
      >
        components.footer.help.corporate
        Corporativo
      </a>
      <a
        aria-current="page"
        class="c5 active"
        href="/"
      >
        components.footer.help.contactUs
        Fale Conosco
      </a>
    </div>
    <div
      class="c2"
    >
      <div
        class="c4"
      >
        components.footer.aboutNike.summary
        Sobre a Nike
      </div>
      <a
        aria-current="page"
        class="c5 active"
        href="/"
      >
        components.footer.aboutNike.madeToPlay
        Feito para Jogar
      </a>
      <a
        aria-current="page"
        class="c5 active"
        href="/"
      >
        components.footer.aboutNike.sustentability
        Sustentabilidade
      </a>
    </div>
    <div
      class="c6"
    >
      <div
        class="styles__SocialMedias-sc-1c785za-5"
      >
        <div
          class="c7"
        >
          components.footer.socialMedias
          Redes Sociais
        </div>
        <div
          class="c8"
        >
          <a
            aria-current="page"
            class="active"
            href="/"
          >
            <svg>
              facebook_rounded_white.svg
            </svg>
          </a>
          <a
            aria-current="page"
            class="active"
            href="/"
          >
            <svg>
              instagram_rounded_white.svg
            </svg>
          </a>
          <a
            aria-current="page"
            class="active"
            href="/"
          >
            <svg>
              youtube_rounded_white.svg
            </svg>
          </a>
        </div>
      </div>
      <div
        class="styles__PaymentMethods-sc-1c785za-7"
      >
        <div
          class="c7"
        >
          components.footer.paymentMethods
          Formas de pagamento
        </div>
        <div
          class="c9"
        >
          <svg>
            amex.svg
          </svg>
          <svg>
            discover.svg
          </svg>
          <svg>
            elo.svg
          </svg>
          <svg>
            hipercard.svg
          </svg>
          <svg>
            mastercard.svg
          </svg>
          <svg>
            visa.svg
          </svg>
        </div>
      </div>
    </div>
  </div>
  <hr
    class="c10"
  />
  <div
    class="c11"
  >
    <div
      class="c12"
    >
      <a
        aria-current="page"
        class="c13 active"
        href="/"
      >
        Brasil
      </a>
      <a
        aria-current="page"
        class="c13 active"
        href="/"
      >
        components.footer.paymentMethods
        Política de Privacidade
      </a>
      <a
        aria-current="page"
        class="c13 active"
        href="/"
      >
        components.footer.userTerms
        Termos de Uso
      </a>
    </div>
    <span
      class="c14"
    >
      components.footer.companyInfos
      © 2021 Nike. Todos os direitos reservados. Fisia Comércio de Produtos Esportivos Ltda - CNPJ: 59.546.515/0016-10 Rua José Semião Rodrigues Agostinho, 1370 - Galpão Unidade 17 - Nível 0, 1 e 2 - CEP 06833-300 - Embu das Artes/SP.
    </span>
  </div>
</footer>
`;
